Starting a Gradle Daemon, 1 busy and 25 stopped Daemons could not be reused, use --status for details
> Task :presence-service:checkKotlinGradlePluginConfigurationErrors SKIPPED
> Task :common:common-dto:checkKotlinGradlePluginConfigurationErrors SKIPPED
> Task :common:common-dto:compileKotlin UP-TO-DATE
> Task :common:common-dto:compileJava NO-SOURCE
> Task :common:common-events:checkKotlinGradlePluginConfigurationErrors SKIPPED
> Task :common:common-events:compileKotlin UP-TO-DATE
> Task :common:common-events:compileJava NO-SOURCE
> Task :common:common-kafka:checkKotlinGradlePluginConfigurationErrors SKIPPED
> Task :common:common-kafka:compileKotlin UP-TO-DATE
> Task :common:common-kafka:compileJava NO-SOURCE
> Task :common:common-mongo:checkKotlinGradlePluginConfigurationErrors SKIPPED
> Task :common:common-mongo:compileKotlin UP-TO-DATE
> Task :common:common-mongo:compileJava NO-SOURCE
> Task :common:common-redis:checkKotlinGradlePluginConfigurationErrors SKIPPED
> Task :common:common-redis:compileKotlin UP-TO-DATE
> Task :common:common-redis:compileJava NO-SOURCE
> Task :common:common-security:checkKotlinGradlePluginConfigurationErrors SKIPPED
> Task :common:common-utils:checkKotlinGradlePluginConfigurationErrors SKIPPED
> Task :common:common-utils:compileKotlin UP-TO-DATE
> Task :common:common-utils:compileJava NO-SOURCE
> Task :common:common-security:compileKotlin UP-TO-DATE
> Task :common:common-security:compileJava NO-SOURCE
> Task :common:common-websocket:checkKotlinGradlePluginConfigurationErrors SKIPPED
> Task :common:common-websocket:compileKotlin NO-SOURCE
> Task :common:common-websocket:compileJava NO-SOURCE
> Task :presence-service:processResources UP-TO-DATE
> Task :common:common-dto:processResources NO-SOURCE
> Task :common:common-dto:classes UP-TO-DATE
> Task :common:common-dto:jar UP-TO-DATE
> Task :common:common-events:processResources NO-SOURCE
> Task :common:common-events:classes UP-TO-DATE
> Task :common:common-events:jar UP-TO-DATE
> Task :common:common-kafka:processResources NO-SOURCE
> Task :common:common-kafka:classes UP-TO-DATE
> Task :common:common-kafka:jar UP-TO-DATE
> Task :common:common-mongo:processResources NO-SOURCE
> Task :common:common-mongo:classes UP-TO-DATE
> Task :common:common-mongo:jar UP-TO-DATE
> Task :common:common-redis:processResources NO-SOURCE
> Task :common:common-redis:classes UP-TO-DATE
> Task :common:common-redis:jar UP-TO-DATE
> Task :common:common-security:processResources NO-SOURCE
> Task :common:common-security:classes UP-TO-DATE
> Task :common:common-security:jar UP-TO-DATE
> Task :common:common-utils:processResources NO-SOURCE
> Task :common:common-utils:classes UP-TO-DATE
> Task :common:common-utils:jar UP-TO-DATE
> Task :common:common-websocket:processResources NO-SOURCE
> Task :common:common-websocket:classes UP-TO-DATE
> Task :common:common-websocket:jar UP-TO-DATE
> Task :presence-service:compileKotlin
> Task :presence-service:compileJava NO-SOURCE
> Task :presence-service:classes UP-TO-DATE
> Task :presence-service:resolveMainClassName UP-TO-DATE

> Task :presence-service:bootRun

  .   ____          _            __ _ _
 /\\ / ___'_ __ _ _(_)_ __  __ _ \ \ \ \
( ( )\___ | '_ | '_| | '_ \/ _` | \ \ \ \
 \\/  ___)| |_)| | | | | || (_| |  ) ) ) )
  '  |____| .__|_| |_|_| |_\__, | / / / /
 =========|_|==============|___/=/_/_/_/

 :: Spring Boot ::                (v3.4.1)

2026-07-24T02:50:35.404+06:00  INFO [presence-service,,] 2036 --- [presence-service] [           main] [                                                 ] c.e.d.p.PresenceServiceApplicationKt     : Starting PresenceServiceApplicationKt using Java 21.0.11 with PID 2036 (/Users/sazibhossainsazib1008/projects/duralap/DuralapBackend/presence-service/build/classes/kotlin/main started by sazibhossainsazib1008 in /Users/sazibhossainsazib1008/projects/duralap/DuralapBackend/presence-service)
2026-07-24T02:50:35.407+06:00  INFO [presence-service,,] 2036 --- [presence-service] [           main] [                                                 ] c.e.d.p.PresenceServiceApplicationKt     : No active profile set, falling back to 1 default profile: "default"
2026-07-24T02:50:35.786+06:00  INFO [presence-service,,] 2036 --- [presence-service] [           main] [                                                 ] .s.d.r.c.RepositoryConfigurationDelegate : Multiple Spring Data modules found, entering strict repository configuration mode
2026-07-24T02:50:35.787+06:00  INFO [presence-service,,] 2036 --- [presence-service] [           main] [                                                 ] .s.d.r.c.RepositoryConfigurationDelegate : Bootstrapping Spring Data MongoDB repositories in DEFAULT mode.
2026-07-24T02:50:35.854+06:00  INFO [presence-service,,] 2036 --- [presence-service] [           main] [                                                 ] .s.d.r.c.RepositoryConfigurationDelegate : Finished Spring Data repository scanning in 63 ms. Found 10 MongoDB repository interfaces.
2026-07-24T02:50:36.100+06:00  INFO [presence-service,,] 2036 --- [presence-service] [           main] [                                                 ] .s.d.r.c.RepositoryConfigurationDelegate : Multiple Spring Data modules found, entering strict repository configuration mode
2026-07-24T02:50:36.100+06:00  INFO [presence-service,,] 2036 --- [presence-service] [           main] [                                                 ] .s.d.r.c.RepositoryConfigurationDelegate : Bootstrapping Spring Data Redis repositories in DEFAULT mode.
2026-07-24T02:50:36.108+06:00  INFO [presence-service,,] 2036 --- [presence-service] [           main] [                                                 ] .s.d.r.c.RepositoryConfigurationDelegate : Finished Spring Data repository scanning in 4 ms. Found 0 Redis repository interfaces.
2026-07-24T02:50:36.407+06:00  INFO [presence-service,,] 2036 --- [presence-service] [           main] [                                                 ] o.s.b.w.embedded.tomcat.TomcatWebServer  : Tomcat initialized with port 8086 (http)
2026-07-24T02:50:36.414+06:00  INFO [presence-service,,] 2036 --- [presence-service] [           main] [                                                 ] o.apache.catalina.core.StandardService   : Starting service [Tomcat]
2026-07-24T02:50:36.414+06:00  INFO [presence-service,,] 2036 --- [presence-service] [           main] [                                                 ] o.apache.catalina.core.StandardEngine    : Starting Servlet engine: [Apache Tomcat/10.1.34]
2026-07-24T02:50:36.453+06:00  INFO [presence-service,,] 2036 --- [presence-service] [           main] [                                                 ] o.a.c.c.C.[Tomcat].[localhost].[/]       : Initializing Spring embedded WebApplicationContext
2026-07-24T02:50:36.454+06:00  INFO [presence-service,,] 2036 --- [presence-service] [           main] [                                                 ] w.s.c.ServletWebServerApplicationContext : Root WebApplicationContext: initialization completed in 1022 ms
2026-07-24T02:50:36.591+06:00  INFO [presence-service,,] 2036 --- [presence-service] [           main] [                                                 ] com.example.duralap.config.MongoConfig   : Initializing explicit MongoClient with URI: mongodb+srv://sazib1008:VIlessaUR74ymfKG@cluster0.lsfwn33.mongodb.net/?appName=Cluster0
2026-07-24T02:50:36.657+06:00  INFO [presence-service,,] 2036 --- [presence-service] [n33.mongodb.net] [                                                 ] org.mongodb.driver.cluster               : Adding discovered server ac-eabsbyh-shard-00-00.lsfwn33.mongodb.net:27017 to client view of cluster
2026-07-24T02:50:36.676+06:00  INFO [presence-service,,] 2036 --- [presence-service] [           main] [                                                 ] org.mongodb.driver.client                : MongoClient with metadata {"application": {"name": "Cluster0"}, "driver": {"name": "mongo-java-driver|sync", "version": "5.2.1"}, "os": {"type": "Darwin", "name": "Mac OS X", "architecture": "aarch64", "version": "26.3.1"}, "platform": "Java/Eclipse Adoptium/21.0.11+10-LTS"} created with settings MongoClientSettings{readPreference=primary, writeConcern=WriteConcern{w=null, wTimeout=null ms, journal=null}, retryWrites=true, retryReads=true, readConcern=ReadConcern{level=null}, credential=MongoCredential{mechanism=null, userName='sazib1008', source='admin', password=<hidden>, mechanismProperties=<hidden>}, transportSettings=null, commandListeners=[], codecRegistry=ProvidersCodecRegistry{codecProviders=[ValueCodecProvider{}, BsonValueCodecProvider{}, DBRefCodecProvider{}, DBObjectCodecProvider{}, DocumentCodecProvider{}, CollectionCodecProvider{}, IterableCodecProvider{}, MapCodecProvider{}, GeoJsonCodecProvider{}, GridFSFileCodecProvider{}, Jsr310CodecProvider{}, JsonObjectCodecProvider{}, BsonCodecProvider{}, EnumCodecProvider{}, com.mongodb.client.model.mql.ExpressionCodecProvider@4db728df, com.mongodb.Jep395RecordCodecProvider@b0d3e7, com.mongodb.KotlinCodecProvider@74bdfa0b]}, loggerSettings=LoggerSettings{maxDocumentLength=1000}, clusterSettings={hosts=[127.0.0.1:27017], srvHost=cluster0.lsfwn33.mongodb.net, srvServiceName=mongodb, mode=MULTIPLE, requiredClusterType=REPLICA_SET, requiredReplicaSetName='atlas-vherdp-shard-0', serverSelector='null', clusterListeners='[]', serverSelectionTimeout='30000 ms', localThreshold='15 ms'}, socketSettings=SocketSettings{connectTimeoutMS=10000, readTimeoutMS=0, receiveBufferSize=0, proxySettings=ProxySettings{host=null, port=null, username=null, password=null}}, heartbeatSocketSettings=SocketSettings{connectTimeoutMS=10000, readTimeoutMS=10000, receiveBufferSize=0, proxySettings=ProxySettings{host=null, port=null, username=null, password=null}}, connectionPoolSettings=ConnectionPoolSettings{maxSize=100, minSize=0, maxWaitTimeMS=120000, maxConnectionLifeTimeMS=0, maxConnectionIdleTimeMS=0, maintenanceInitialDelayMS=0, maintenanceFrequencyMS=60000, connectionPoolListeners=[], maxConnecting=2}, serverSettings=ServerSettings{heartbeatFrequencyMS=10000, minHeartbeatFrequencyMS=500, serverMonitoringMode=AUTO, serverListeners='[]', serverMonitorListeners='[]'}, sslSettings=SslSettings{enabled=true, invalidHostNameAllowed=false, context=null}, applicationName='Cluster0', compressorList=[], uuidRepresentation=UNSPECIFIED, serverApi=null, autoEncryptionSettings=null, dnsClient=null, inetAddressResolver=null, contextProvider=null, timeoutMS=null}
2026-07-24T02:50:36.680+06:00  INFO [presence-service,,] 2036 --- [presence-service] [n33.mongodb.net] [                                                 ] org.mongodb.driver.cluster               : Adding discovered server ac-eabsbyh-shard-00-01.lsfwn33.mongodb.net:27017 to client view of cluster
2026-07-24T02:50:36.685+06:00  INFO [presence-service,,] 2036 --- [presence-service] [n33.mongodb.net] [                                                 ] org.mongodb.driver.cluster               : Adding discovered server ac-eabsbyh-shard-00-02.lsfwn33.mongodb.net:27017 to client view of cluster
2026-07-24T02:50:36.691+06:00  INFO [presence-service,,] 2036 --- [presence-service] [           main] [                                                 ] com.example.duralap.config.MongoConfig   : Initializing SimpleMongoClientDatabaseFactory with database name: duralap
2026-07-24T02:50:37.056+06:00  INFO [presence-service,,] 2036 --- [presence-service] [ngodb.net:27017] [                                                 ] org.mongodb.driver.cluster               : Monitor thread successfully connected to server with description ServerDescription{address=ac-eabsbyh-shard-00-02.lsfwn33.mongodb.net:27017, type=REPLICA_SET_SECONDARY, cryptd=false, state=CONNECTED, ok=true, minWireVersion=0, maxWireVersion=25, maxDocumentSize=16777216, logicalSessionTimeoutMinutes=30, roundTripTimeNanos=217211750, minRoundTripTimeNanos=0, setName='atlas-vherdp-shard-0', canonicalAddress=ac-eabsbyh-shard-00-02.lsfwn33.mongodb.net:27017, hosts=[ac-eabsbyh-shard-00-01.lsfwn33.mongodb.net:27017, ac-eabsbyh-shard-00-02.lsfwn33.mongodb.net:27017, ac-eabsbyh-shard-00-00.lsfwn33.mongodb.net:27017], passives=[], arbiters=[], primary='ac-eabsbyh-shard-00-01.lsfwn33.mongodb.net:27017', tagSet=TagSet{[Tag{name='availabilityZone', value='aps1-az2'}, Tag{name='cacheState', value='READY'}, Tag{name='diskState', value='READY'}, Tag{name='nodeType', value='ELECTABLE'}, Tag{name='provider', value='AWS'}, Tag{name='region', value='AP_SOUTH_1'}, Tag{name='workloadType', value='OPERATIONAL'}]}, electionId=null, setVersion=335, topologyVersion=TopologyVersion{processId=6a5fc2bbd782fd57472cd9e6, counter=3}, lastWriteDate=Fri Jul 24 02:50:36 BDT 2026, lastUpdateTimeNanos=466052805708}
2026-07-24T02:50:37.058+06:00  INFO [presence-service,,] 2036 --- [presence-service] [ngodb.net:27017] [                                                 ] org.mongodb.driver.cluster               : Monitor thread successfully connected to server with description ServerDescription{address=ac-eabsbyh-shard-00-00.lsfwn33.mongodb.net:27017, type=REPLICA_SET_SECONDARY, cryptd=false, state=CONNECTED, ok=true, minWireVersion=0, maxWireVersion=25, maxDocumentSize=16777216, logicalSessionTimeoutMinutes=30, roundTripTimeNanos=218214375, minRoundTripTimeNanos=0, setName='atlas-vherdp-shard-0', canonicalAddress=ac-eabsbyh-shard-00-00.lsfwn33.mongodb.net:27017, hosts=[ac-eabsbyh-shard-00-01.lsfwn33.mongodb.net:27017, ac-eabsbyh-shard-00-02.lsfwn33.mongodb.net:27017, ac-eabsbyh-shard-00-00.lsfwn33.mongodb.net:27017], passives=[], arbiters=[], primary='ac-eabsbyh-shard-00-01.lsfwn33.mongodb.net:27017', tagSet=TagSet{[Tag{name='availabilityZone', value='aps1-az1'}, Tag{name='cacheState', value='READY'}, Tag{name='diskState', value='READY'}, Tag{name='nodeType', value='ELECTABLE'}, Tag{name='provider', value='AWS'}, Tag{name='region', value='AP_SOUTH_1'}, Tag{name='workloadType', value='OPERATIONAL'}]}, electionId=null, setVersion=335, topologyVersion=TopologyVersion{processId=6a5fc20a3b3b1540938607c9, counter=4}, lastWriteDate=Fri Jul 24 02:50:36 BDT 2026, lastUpdateTimeNanos=466053810916}
2026-07-24T02:50:37.063+06:00  INFO [presence-service,,] 2036 --- [presence-service] [ngodb.net:27017] [                                                 ] org.mongodb.driver.cluster               : Monitor thread successfully connected to server with description ServerDescription{address=ac-eabsbyh-shard-00-01.lsfwn33.mongodb.net:27017, type=REPLICA_SET_PRIMARY, cryptd=false, state=CONNECTED, ok=true, minWireVersion=0, maxWireVersion=25, maxDocumentSize=16777216, logicalSessionTimeoutMinutes=30, roundTripTimeNanos=218326417, minRoundTripTimeNanos=0, setName='atlas-vherdp-shard-0', canonicalAddress=ac-eabsbyh-shard-00-01.lsfwn33.mongodb.net:27017, hosts=[ac-eabsbyh-shard-00-01.lsfwn33.mongodb.net:27017, ac-eabsbyh-shard-00-02.lsfwn33.mongodb.net:27017, ac-eabsbyh-shard-00-00.lsfwn33.mongodb.net:27017], passives=[], arbiters=[], primary='ac-eabsbyh-shard-00-01.lsfwn33.mongodb.net:27017', tagSet=TagSet{[Tag{name='availabilityZone', value='aps1-az3'}, Tag{name='cacheState', value='READY'}, Tag{name='diskState', value='READY'}, Tag{name='nodeType', value='ELECTABLE'}, Tag{name='provider', value='AWS'}, Tag{name='region', value='AP_SOUTH_1'}, Tag{name='workloadType', value='OPERATIONAL'}]}, electionId=7fffffff000000000000013f, setVersion=335, topologyVersion=TopologyVersion{processId=6a5fc263ffeed151cd2c4d01, counter=6}, lastWriteDate=Fri Jul 24 02:50:36 BDT 2026, lastUpdateTimeNanos=466053924916}
2026-07-24T02:50:37.066+06:00  INFO [presence-service,,] 2036 --- [presence-service] [ngodb.net:27017] [                                                 ] org.mongodb.driver.cluster               : Discovered replica set primary ac-eabsbyh-shard-00-01.lsfwn33.mongodb.net:27017 with max election id 7fffffff000000000000013f and max set version 335
2026-07-24T02:50:37.650+06:00  INFO [presence-service,,] 2036 --- [presence-service] [           main] [                                                 ] r$InitializeUserDetailsManagerConfigurer : Global AuthenticationManager configured with UserDetailsService bean with name customUserDetailsService
2026-07-24T02:50:37.853+06:00  INFO [presence-service,,] 2036 --- [presence-service] [           main] [                                                 ] o.s.b.a.e.web.EndpointLinksResolver      : Exposing 3 endpoints beneath base path '/actuator'
2026-07-24T02:50:38.244+06:00  INFO [presence-service,,] 2036 --- [presence-service] [           main] [                                                 ] o.s.m.s.b.SimpleBrokerMessageHandler     : Starting...
2026-07-24T02:50:38.245+06:00  INFO [presence-service,,] 2036 --- [presence-service] [           main] [                                                 ] o.s.m.s.b.SimpleBrokerMessageHandler     : BrokerAvailabilityEvent[available=true, SimpleBrokerMessageHandler [org.springframework.messaging.simp.broker.DefaultSubscriptionRegistry@5bc44d78]]
2026-07-24T02:50:38.245+06:00  INFO [presence-service,,] 2036 --- [presence-service] [           main] [                                                 ] o.s.m.s.b.SimpleBrokerMessageHandler     : Started.
2026-07-24T02:50:38.252+06:00  INFO [presence-service,,] 2036 --- [presence-service] [           main] [                                                 ] o.s.b.w.embedded.tomcat.TomcatWebServer  : Tomcat started on port 8086 (http) with context path '/'
2026-07-24T02:50:39.391+06:00  INFO [presence-service,,] 2036 --- [presence-service] [           main] [                                                 ] c.e.d.p.PresenceServiceApplicationKt     : Started PresenceServiceApplicationKt in 4.236 seconds (process running for 4.477)
2026-07-24T02:50:39.426+06:00  INFO [presence-service,,] 2036 --- [presence-service] [           main] [                                                 ] c.e.duralap.config.MongoIndexConfig      : Initializing MongoDB Compound Indexes for high-throughput scaling...
2026-07-24T02:50:39.426+06:00  INFO [presence-service,,] 2036 --- [presence-service] [           main] [                                                 ] c.e.duralap.config.MongoIndexConfig      : Current injected MongoDB URI is: mongodb+srv://sazib1008:VIlessaUR74ymfKG@cluster0.lsfwn33.mongodb.net/?appName=Cluster0
2026-07-24T02:50:40.538+06:00  INFO [presence-service,,] 2036 --- [presence-service] [           main] [                                                 ] c.e.duralap.config.MongoIndexConfig      : MongoDB Indexes synchronized successfully.
2026-07-24T02:51:38.240+06:00  INFO [presence-service,,] 2036 --- [presence-service] [MessageBroker-1] [                                                 ] o.s.w.s.c.WebSocketMessageBrokerStats    : WebSocketSession[0 current WS(0)-HttpStream(0)-HttpPoll(0), 0 total, 0 closed abnormally (0 connect failure, 0 send limit, 0 transport error)], stompSubProtocol[processed CONNECT(0)-CONNECTED(0)-DISCONNECT(0)], stompBrokerRelay[null], inboundChannel[pool size = 0, active threads = 0, queued tasks = 0, completed tasks = 0], outboundChannel[pool size = 0, active threads = 0, queued tasks = 0, completed tasks = 0], sockJsScheduler[pool size = 1, active threads = 1, queued tasks = 0, completed tasks = 0]
2026-07-24T03:21:38.248+06:00  INFO [presence-service,,] 2036 --- [presence-service] [MessageBroker-1] [                                                 ] o.s.w.s.c.WebSocketMessageBrokerStats    : WebSocketSession[0 current WS(0)-HttpStream(0)-HttpPoll(0), 0 total, 0 closed abnormally (0 connect failure, 0 send limit, 0 transport error)], stompSubProtocol[processed CONNECT(0)-CONNECTED(0)-DISCONNECT(0)], stompBrokerRelay[null], inboundChannel[pool size = 0, active threads = 0, queued tasks = 0, completed tasks = 0], outboundChannel[pool size = 0, active threads = 0, queued tasks = 0, completed tasks = 0], sockJsScheduler[pool size = 2, active threads = 1, queued tasks = 0, completed tasks = 1]
2026-07-24T03:29:34.424+06:00  INFO [presence-service,,] 2036 --- [presence-service] [ngodb.net:27017] [                                                 ] org.mongodb.driver.cluster               : Exception in monitor thread while connecting to server ac-eabsbyh-shard-00-01.lsfwn33.mongodb.net:27017

com.mongodb.MongoSocketReadTimeoutException: Timeout while receiving message
	at com.mongodb.internal.connection.InternalStreamConnection.createReadTimeoutException(InternalStreamConnection.java:824) ~[mongodb-driver-core-5.2.1.jar:na]
	at com.mongodb.internal.connection.InternalStreamConnection.translateReadException(InternalStreamConnection.java:812) ~[mongodb-driver-core-5.2.1.jar:na]
	at com.mongodb.internal.connection.InternalStreamConnection.receiveResponseBuffers(InternalStreamConnection.java:862) ~[mongodb-driver-core-5.2.1.jar:na]
	at com.mongodb.internal.connection.InternalStreamConnection.receiveCommandMessageResponse(InternalStreamConnection.java:517) ~[mongodb-driver-core-5.2.1.jar:na]
	at com.mongodb.internal.connection.InternalStreamConnection.receive(InternalStreamConnection.java:469) ~[mongodb-driver-core-5.2.1.jar:na]
	at com.mongodb.internal.connection.DefaultServerMonitor$ServerMonitor.lookupServerDescription(DefaultServerMonitor.java:249) ~[mongodb-driver-core-5.2.1.jar:na]
	at com.mongodb.internal.connection.DefaultServerMonitor$ServerMonitor.run(DefaultServerMonitor.java:176) ~[mongodb-driver-core-5.2.1.jar:na]
Caused by: java.net.SocketTimeoutException: Read timed out
	at java.base/sun.nio.ch.NioSocketImpl.timedRead(NioSocketImpl.java:278) ~[na:na]
	at java.base/sun.nio.ch.NioSocketImpl.implRead(NioSocketImpl.java:304) ~[na:na]
	at java.base/sun.nio.ch.NioSocketImpl.read(NioSocketImpl.java:346) ~[na:na]
	at java.base/sun.nio.ch.NioSocketImpl$1.read(NioSocketImpl.java:796) ~[na:na]
	at java.base/java.net.Socket$SocketInputStream.read(Socket.java:1099) ~[na:na]
	at java.base/sun.security.ssl.SSLSocketInputRecord.read(SSLSocketInputRecord.java:489) ~[na:na]
	at java.base/sun.security.ssl.SSLSocketInputRecord.readHeader(SSLSocketInputRecord.java:483) ~[na:na]
	at java.base/sun.security.ssl.SSLSocketInputRecord.bytesInCompletePacket(SSLSocketInputRecord.java:70) ~[na:na]
	at java.base/sun.security.ssl.SSLSocketImpl.readApplicationRecord(SSLSocketImpl.java:1460) ~[na:na]
	at java.base/sun.security.ssl.SSLSocketImpl$AppInputStream.read(SSLSocketImpl.java:1066) ~[na:na]
	at com.mongodb.internal.connection.SocketStream.read(SocketStream.java:182) ~[mongodb-driver-core-5.2.1.jar:na]
	at com.mongodb.internal.connection.InternalStreamConnection.receiveResponseBuffers(InternalStreamConnection.java:829) ~[mongodb-driver-core-5.2.1.jar:na]
	... 4 common frames omitted

2026-07-24T03:29:34.383+06:00  INFO [presence-service,,] 2036 --- [presence-service] [ngodb.net:27017] [                                                 ] org.mongodb.driver.cluster               : Exception in monitor thread while connecting to server ac-eabsbyh-shard-00-00.lsfwn33.mongodb.net:27017

com.mongodb.MongoSocketReadTimeoutException: Timeout while receiving message
	at com.mongodb.internal.connection.InternalStreamConnection.createReadTimeoutException(InternalStreamConnection.java:824) ~[mongodb-driver-core-5.2.1.jar:na]
	at com.mongodb.internal.connection.InternalStreamConnection.translateReadException(InternalStreamConnection.java:812) ~[mongodb-driver-core-5.2.1.jar:na]
	at com.mongodb.internal.connection.InternalStreamConnection.receiveResponseBuffers(InternalStreamConnection.java:862) ~[mongodb-driver-core-5.2.1.jar:na]
	at com.mongodb.internal.connection.InternalStreamConnection.receiveCommandMessageResponse(InternalStreamConnection.java:517) ~[mongodb-driver-core-5.2.1.jar:na]
	at com.mongodb.internal.connection.InternalStreamConnection.receive(InternalStreamConnection.java:469) ~[mongodb-driver-core-5.2.1.jar:na]
	at com.mongodb.internal.connection.DefaultServerMonitor$ServerMonitor.lookupServerDescription(DefaultServerMonitor.java:249) ~[mongodb-driver-core-5.2.1.jar:na]
	at com.mongodb.internal.connection.DefaultServerMonitor$ServerMonitor.run(DefaultServerMonitor.java:176) ~[mongodb-driver-core-5.2.1.jar:na]
Caused by: java.net.SocketTimeoutException: Read timed out
	at java.base/sun.nio.ch.NioSocketImpl.timedRead(NioSocketImpl.java:278) ~[na:na]
	at java.base/sun.nio.ch.NioSocketImpl.implRead(NioSocketImpl.java:304) ~[na:na]
	at java.base/sun.nio.ch.NioSocketImpl.read(NioSocketImpl.java:346) ~[na:na]
	at java.base/sun.nio.ch.NioSocketImpl$1.read(NioSocketImpl.java:796) ~[na:na]
	at java.base/java.net.Socket$SocketInputStream.read(Socket.java:1099) ~[na:na]
	at java.base/sun.security.ssl.SSLSocketInputRecord.read(SSLSocketInputRecord.java:489) ~[na:na]
	at java.base/sun.security.ssl.SSLSocketInputRecord.readHeader(SSLSocketInputRecord.java:483) ~[na:na]
	at java.base/sun.security.ssl.SSLSocketInputRecord.bytesInCompletePacket(SSLSocketInputRecord.java:70) ~[na:na]
	at java.base/sun.security.ssl.SSLSocketImpl.readApplicationRecord(SSLSocketImpl.java:1460) ~[na:na]
	at java.base/sun.security.ssl.SSLSocketImpl$AppInputStream.read(SSLSocketImpl.java:1066) ~[na:na]
	at com.mongodb.internal.connection.SocketStream.read(SocketStream.java:182) ~[mongodb-driver-core-5.2.1.jar:na]
	at com.mongodb.internal.connection.InternalStreamConnection.receiveResponseBuffers(InternalStreamConnection.java:829) ~[mongodb-driver-core-5.2.1.jar:na]
	... 4 common frames omitted

2026-07-24T03:29:34.440+06:00  INFO [presence-service,,] 2036 --- [presence-service] [ngodb.net:27017] [                                                 ] org.mongodb.driver.cluster               : Exception in monitor thread while connecting to server ac-eabsbyh-shard-00-02.lsfwn33.mongodb.net:27017

com.mongodb.MongoSocketReadTimeoutException: Timeout while receiving message
	at com.mongodb.internal.connection.InternalStreamConnection.createReadTimeoutException(InternalStreamConnection.java:824) ~[mongodb-driver-core-5.2.1.jar:na]
	at com.mongodb.internal.connection.InternalStreamConnection.translateReadException(InternalStreamConnection.java:812) ~[mongodb-driver-core-5.2.1.jar:na]
	at com.mongodb.internal.connection.InternalStreamConnection.receiveResponseBuffers(InternalStreamConnection.java:862) ~[mongodb-driver-core-5.2.1.jar:na]
	at com.mongodb.internal.connection.InternalStreamConnection.receiveCommandMessageResponse(InternalStreamConnection.java:517) ~[mongodb-driver-core-5.2.1.jar:na]
	at com.mongodb.internal.connection.InternalStreamConnection.receive(InternalStreamConnection.java:469) ~[mongodb-driver-core-5.2.1.jar:na]
	at com.mongodb.internal.connection.DefaultServerMonitor$ServerMonitor.lookupServerDescription(DefaultServerMonitor.java:249) ~[mongodb-driver-core-5.2.1.jar:na]
	at com.mongodb.internal.connection.DefaultServerMonitor$ServerMonitor.run(DefaultServerMonitor.java:176) ~[mongodb-driver-core-5.2.1.jar:na]
Caused by: java.net.SocketTimeoutException: Read timed out
	at java.base/sun.nio.ch.NioSocketImpl.timedRead(NioSocketImpl.java:278) ~[na:na]
	at java.base/sun.nio.ch.NioSocketImpl.implRead(NioSocketImpl.java:304) ~[na:na]
	at java.base/sun.nio.ch.NioSocketImpl.read(NioSocketImpl.java:346) ~[na:na]
	at java.base/sun.nio.ch.NioSocketImpl$1.read(NioSocketImpl.java:796) ~[na:na]
	at java.base/java.net.Socket$SocketInputStream.read(Socket.java:1099) ~[na:na]
	at java.base/sun.security.ssl.SSLSocketInputRecord.read(SSLSocketInputRecord.java:489) ~[na:na]
	at java.base/sun.security.ssl.SSLSocketInputRecord.readHeader(SSLSocketInputRecord.java:483) ~[na:na]
	at java.base/sun.security.ssl.SSLSocketInputRecord.bytesInCompletePacket(SSLSocketInputRecord.java:70) ~[na:na]
	at java.base/sun.security.ssl.SSLSocketImpl.readApplicationRecord(SSLSocketImpl.java:1460) ~[na:na]
	at java.base/sun.security.ssl.SSLSocketImpl$AppInputStream.read(SSLSocketImpl.java:1066) ~[na:na]
	at com.mongodb.internal.connection.SocketStream.read(SocketStream.java:182) ~[mongodb-driver-core-5.2.1.jar:na]
	at com.mongodb.internal.connection.InternalStreamConnection.receiveResponseBuffers(InternalStreamConnection.java:829) ~[mongodb-driver-core-5.2.1.jar:na]
	... 4 common frames omitted

2026-07-24T03:29:34.578+06:00  INFO [presence-service,,] 2036 --- [presence-service] [ngodb.net:27017] [                                                 ] org.mongodb.driver.cluster               : Monitor thread successfully connected to server with description ServerDescription{address=ac-eabsbyh-shard-00-02.lsfwn33.mongodb.net:27017, type=REPLICA_SET_SECONDARY, cryptd=false, state=CONNECTED, ok=true, minWireVersion=0, maxWireVersion=25, maxDocumentSize=16777216, logicalSessionTimeoutMinutes=30, roundTripTimeNanos=87923625, minRoundTripTimeNanos=0, setName='atlas-vherdp-shard-0', canonicalAddress=ac-eabsbyh-shard-00-02.lsfwn33.mongodb.net:27017, hosts=[ac-eabsbyh-shard-00-01.lsfwn33.mongodb.net:27017, ac-eabsbyh-shard-00-02.lsfwn33.mongodb.net:27017, ac-eabsbyh-shard-00-00.lsfwn33.mongodb.net:27017], passives=[], arbiters=[], primary='ac-eabsbyh-shard-00-01.lsfwn33.mongodb.net:27017', tagSet=TagSet{[Tag{name='availabilityZone', value='aps1-az2'}, Tag{name='cacheState', value='READY'}, Tag{name='diskState', value='READY'}, Tag{name='nodeType', value='ELECTABLE'}, Tag{name='provider', value='AWS'}, Tag{name='region', value='AP_SOUTH_1'}, Tag{name='workloadType', value='OPERATIONAL'}]}, electionId=null, setVersion=335, topologyVersion=TopologyVersion{processId=6a5fc2bbd782fd57472cd9e6, counter=3}, lastWriteDate=Fri Jul 24 03:29:34 BDT 2026, lastUpdateTimeNanos=2488115829041}
2026-07-24T03:29:34.606+06:00  INFO [presence-service,,] 2036 --- [presence-service] [ngodb.net:27017] [                                                 ] org.mongodb.driver.cluster               : Monitor thread successfully connected to server with description ServerDescription{address=ac-eabsbyh-shard-00-01.lsfwn33.mongodb.net:27017, type=REPLICA_SET_PRIMARY, cryptd=false, state=CONNECTED, ok=true, minWireVersion=0, maxWireVersion=25, maxDocumentSize=16777216, logicalSessionTimeoutMinutes=30, roundTripTimeNanos=119494000, minRoundTripTimeNanos=0, setName='atlas-vherdp-shard-0', canonicalAddress=ac-eabsbyh-shard-00-01.lsfwn33.mongodb.net:27017, hosts=[ac-eabsbyh-shard-00-01.lsfwn33.mongodb.net:27017, ac-eabsbyh-shard-00-02.lsfwn33.mongodb.net:27017, ac-eabsbyh-shard-00-00.lsfwn33.mongodb.net:27017], passives=[], arbiters=[], primary='ac-eabsbyh-shard-00-01.lsfwn33.mongodb.net:27017', tagSet=TagSet{[Tag{name='availabilityZone', value='aps1-az3'}, Tag{name='cacheState', value='READY'}, Tag{name='diskState', value='READY'}, Tag{name='nodeType', value='ELECTABLE'}, Tag{name='provider', value='AWS'}, Tag{name='region', value='AP_SOUTH_1'}, Tag{name='workloadType', value='OPERATIONAL'}]}, electionId=7fffffff000000000000013f, setVersion=335, topologyVersion=TopologyVersion{processId=6a5fc263ffeed151cd2c4d01, counter=6}, lastWriteDate=Fri Jul 24 03:29:34 BDT 2026, lastUpdateTimeNanos=2488146287875}
2026-07-24T03:29:34.607+06:00  INFO [presence-service,,] 2036 --- [presence-service] [ngodb.net:27017] [                                                 ] org.mongodb.driver.cluster               : Monitor thread successfully connected to server with description ServerDescription{address=ac-eabsbyh-shard-00-00.lsfwn33.mongodb.net:27017, type=REPLICA_SET_SECONDARY, cryptd=false, state=CONNECTED, ok=true, minWireVersion=0, maxWireVersion=25, maxDocumentSize=16777216, logicalSessionTimeoutMinutes=30, roundTripTimeNanos=122270584, minRoundTripTimeNanos=0, setName='atlas-vherdp-shard-0', canonicalAddress=ac-eabsbyh-shard-00-00.lsfwn33.mongodb.net:27017, hosts=[ac-eabsbyh-shard-00-01.lsfwn33.mongodb.net:27017, ac-eabsbyh-shard-00-02.lsfwn33.mongodb.net:27017, ac-eabsbyh-shard-00-00.lsfwn33.mongodb.net:27017], passives=[], arbiters=[], primary='ac-eabsbyh-shard-00-01.lsfwn33.mongodb.net:27017', tagSet=TagSet{[Tag{name='availabilityZone', value='aps1-az1'}, Tag{name='cacheState', value='READY'}, Tag{name='diskState', value='READY'}, Tag{name='nodeType', value='ELECTABLE'}, Tag{name='provider', value='AWS'}, Tag{name='region', value='AP_SOUTH_1'}, Tag{name='workloadType', value='OPERATIONAL'}]}, electionId=null, setVersion=335, topologyVersion=TopologyVersion{processId=6a5fc20a3b3b1540938607c9, counter=4}, lastWriteDate=Fri Jul 24 03:29:34 BDT 2026, lastUpdateTimeNanos=2488146962833}
2026-07-24T03:29:34.607+06:00  INFO [presence-service,,] 2036 --- [presence-service] [ngodb.net:27017] [                                                 ] org.mongodb.driver.cluster               : Discovered replica set primary ac-eabsbyh-shard-00-01.lsfwn33.mongodb.net:27017 with max election id 7fffffff000000000000013f and max set version 335
